// Jest Snapshot v1, https://goo.gl/fbAQLP

exports[`ReviewCards renders correctly 1`] = `
<DocumentFragment>
  <div>
    <div
      class="title"
    >
      Excellent
    </div>
    <div
      class="rating"
      data-testid="review_rating"
    >
      5
    </div>
    <div
      class="date"
    />
    <div
      class="name"
    >
      user1
    </div>
    <p
      class="body"
    >
      Amazing app
    </p>
  </div>
</DocumentFragment>
`;
