// Jest Snapshot v1, https://goo.gl/fbAQLP

exports[`ReviewCards renders correctly 1`] = `
<DocumentFragment>
  <div
    class="review-cards-container"
  >
    <div
      class="title-date-container"
    >
      <div
        class="title"
      >
        Excellent
      </div>
      <div
        class="date"
      />
    </div>
    <div
      class="rating-name-container"
    >
      <div
        class="rating"
        data-testid="review_rating"
      >
        ★★★★★
      </div>
      <div
        class="name"
      >
        user1
      </div>
    </div>
    <p
      class="body"
    >
      Amazing app
    </p>
  </div>
</DocumentFragment>
`;
