// Jest Snapshot v1, https://goo.gl/fbAQLP

exports[`ReviewCards renders correctly 1`] = `
<DocumentFragment>
  <h1>
    Reviews
  </h1>
  <div>
    <div
      class="title"
    >
      Excellent
    </div>
    <div
      class="rating"
      data-testid="review_rating"
    />
    5user1
    <p>
      Amazing app
    </p>
  </div>
</DocumentFragment>
`;
